Confirmed pre-run counts: smap=55 msl=27
=== smap: 55 real units (post-fix) ===
2026-09-07 07:10:33,560 | WARNING |     GOAD/A-1: AUROC < 0.5, flagged score_orientation=flipped, NOT negated
/home/redline/.conda/envs/siduri/lib/python3.10/site-packages/numpy/lib/_function_base_impl.py:3045: RuntimeWarning: invalid value encountered in divide
  c /= stddev[:, None]
/home/redline/.conda/envs/siduri/lib/python3.10/site-packages/numpy/lib/_function_base_impl.py:3046: RuntimeWarning: invalid value encountered in divide
  c /= stddev[None, :]
2026-09-07 07:12:31,616 | WARNING |     GOAD/A-2: AUROC < 0.5, flagged score_orientation=flipped, NOT negated
2026-09-07 07:12:58,415 | WARNING |     NeuTraL/A-2: AUROC < 0.5, flagged score_orientation=flipped, NOT negated
2026-09-07 07:13:35,298 | WARNING |     SLAD/A-2: AUROC < 0.5, flagged score_orientation=flipped, NOT negated
2026-09-07 07:13:50,903 | WARNING |     RDP/A-2: AUROC < 0.5, flagged score_orientation=flipped, NOT negated
2026-09-07 07:14:42,746 | WARNING |     ICL/A-2: AUROC < 0.5, flagged score_orientation=flipped, NOT negated
2026-09-07 07:14:56,549 | WARNING |     GOAD/A-3: AUROC < 0.5, flagged score_orientation=flipped, NOT negated
2026-09-07 07:15:14,008 | WARNING |     NeuTraL/A-3: AUROC < 0.5, flagged score_orientation=flipped, NOT negated
2026-09-07 07:16:04,671 | WARNING |     SLAD/A-3: AUROC < 0.5, flagged score_orientation=flipped, NOT negated
2026-09-07 07:16:16,528 | WARNING |     RDP/A-3: AUROC < 0.5, flagged score_orientation=flipped, NOT negated
2026-09-07 07:17:02,321 | WARNING |     ICL/A-3: AUROC < 0.5, flagged score_orientation=flipped, NOT negated
2026-09-07 07:17:15,805 | WARNING |     GOAD/A-4: AUROC < 0.5, flagged score_orientation=flipped, NOT negated
2026-09-07 07:17:47,968 | WARNING |     NeuTraL/A-4: AUROC < 0.5, flagged score_orientation=flipped, NOT negated
2026-09-07 07:18:11,353 | WARNING |     SLAD/A-4: AUROC < 0.5, flagged score_orientation=flipped, NOT negated
2026-09-07 07:18:18,928 | WARNING |     RDP/A-4: AUROC < 0.5, flagged score_orientation=flipped, NOT negated
2026-09-07 07:19:04,673 | WARNING |     ICL/A-4: AUROC < 0.5, flagged score_orientation=flipped, NOT negated
2026-09-07 07:21:30,213 | WARNING |     GOAD/A-7: AUROC < 0.5, flagged score_orientation=flipped, NOT negated
2026-09-07 07:22:00,269 | WARNING |     NeuTraL/A-7: AUROC < 0.5, flagged score_orientation=flipped, NOT negated
2026-09-07 07:22:51,999 | WARNING |     SLAD/A-7: AUROC < 0.5, flagged score_orientation=flipped, NOT negated
2026-09-07 07:23:06,633 | WARNING |     RDP/A-7: AUROC < 0.5, flagged score_orientation=flipped, NOT negated
2026-09-07 07:24:28,944 | WARNING |     ICL/A-7: AUROC < 0.5, flagged score_orientation=flipped, NOT negated
2026-09-07 07:24:33,455 | WARNING |     GOAD/A-8: AUROC < 0.5, flagged score_orientation=flipped, NOT negated
2026-09-07 07:24:38,488 | WARNING |     NeuTraL/A-8: AUROC < 0.5, flagged score_orientation=flipped, NOT negated
2026-09-07 07:25:04,871 | WARNING |     SLAD/A-8: AUROC < 0.5, flagged score_orientation=flipped, NOT negated
2026-09-07 07:25:37,145 | WARNING |     ICL/A-8: AUROC < 0.5, flagged score_orientation=flipped, NOT negated
2026-09-07 07:25:43,891 | WARNING |     GOAD/A-9: AUROC < 0.5, flagged score_orientation=flipped, NOT negated
2026-09-07 07:25:51,639 | WARNING |     NeuTraL/A-9: AUROC < 0.5, flagged score_orientation=flipped, NOT negated
2026-09-07 07:26:42,984 | WARNING |     SLAD/A-9: AUROC < 0.5, flagged score_orientation=flipped, NOT negated
2026-09-07 07:27:14,838 | WARNING |     ICL/A-9: AUROC < 0.5, flagged score_orientation=flipped, NOT negated
2026-09-07 07:29:17,617 | WARNING |     ICL/B-1: AUROC < 0.5, flagged score_orientation=flipped, NOT negated
2026-09-07 07:30:50,918 | WARNING |     RDP/D-1: AUROC < 0.5, flagged score_orientation=flipped, NOT negated
2026-09-07 07:31:43,530 | WARNING |     GOAD/D-11: AUROC < 0.5, flagged score_orientation=flipped, NOT negated
2026-09-07 07:32:49,747 | WARNING |     SLAD/D-11: AUROC < 0.5, flagged score_orientation=flipped, NOT negated
2026-09-07 07:33:01,309 | WARNING |     RDP/D-11: AUROC < 0.5, flagged score_orientation=flipped, NOT negated
  D-12: insufficient features, skip
  D-13: insufficient features, skip
2026-09-07 07:34:41,049 | WARNING |     GOAD/D-2: AUROC < 0.5, flagged score_orientation=flipped, NOT negated
2026-09-07 07:35:58,180 | WARNING |     RDP/D-2: AUROC < 0.5, flagged score_orientation=flipped, NOT negated
2026-09-07 07:45:09,921 | WARNING |     SLAD/D-6: AUROC < 0.5, flagged score_orientation=flipped, NOT negated
2026-09-07 07:46:21,050 | WARNING |     ICL/D-6: AUROC < 0.5, flagged score_orientation=flipped, NOT negated
2026-09-07 07:48:09,725 | WARNING |     ICL/D-7: AUROC < 0.5, flagged score_orientation=flipped, NOT negated
2026-09-07 07:50:13,081 | WARNING |     ICL/D-8: AUROC < 0.5, flagged score_orientation=flipped, NOT negated
2026-09-07 07:52:47,292 | WARNING |     GOAD/E-1: AUROC < 0.5, flagged score_orientation=flipped, NOT negated
2026-09-07 07:53:03,183 | WARNING |     NeuTraL/E-1: AUROC < 0.5, flagged score_orientation=flipped, NOT negated
2026-09-07 07:53:31,139 | WARNING |     RDP/E-1: AUROC < 0.5, flagged score_orientation=flipped, NOT negated
2026-09-07 07:55:02,861 | WARNING |     NeuTraL/E-10: AUROC < 0.5, flagged score_orientation=flipped, NOT negated
2026-09-07 07:56:08,329 | WARNING |     RDP/E-10: AUROC < 0.5, flagged score_orientation=flipped, NOT negated
2026-09-07 07:57:32,847 | WARNING |     NeuTraL/E-11: AUROC < 0.5, flagged score_orientation=flipped, NOT negated
2026-09-07 07:57:52,878 | WARNING |     SLAD/E-11: AUROC < 0.5, flagged score_orientation=flipped, NOT negated
2026-09-07 07:59:04,272 | WARNING |     ICL/E-11: AUROC < 0.5, flagged score_orientation=flipped, NOT negated
2026-09-07 07:59:18,827 | WARNING |     GOAD/E-12: AUROC < 0.5, flagged score_orientation=flipped, NOT negated
2026-09-07 07:59:47,229 | WARNING |     NeuTraL/E-12: AUROC < 0.5, flagged score_orientation=flipped, NOT negated
2026-09-07 08:00:07,483 | WARNING |     SLAD/E-12: AUROC < 0.5, flagged score_orientation=flipped, NOT negated
2026-09-07 08:00:15,397 | WARNING |     RDP/E-12: AUROC < 0.5, flagged score_orientation=flipped, NOT negated
2026-09-07 08:01:24,115 | WARNING |     GOAD/E-13: AUROC < 0.5, flagged score_orientation=flipped, NOT negated
2026-09-07 08:01:49,577 | WARNING |     NeuTraL/E-13: AUROC < 0.5, flagged score_orientation=flipped, NOT negated
2026-09-07 08:02:27,218 | WARNING |     RDP/E-13: AUROC < 0.5, flagged score_orientation=flipped, NOT negated
2026-09-07 08:03:37,580 | WARNING |     GOAD/E-2: AUROC < 0.5, flagged score_orientation=flipped, NOT negated
2026-09-07 08:03:59,657 | WARNING |     NeuTraL/E-2: AUROC < 0.5, flagged score_orientation=flipped, NOT negated
2026-09-07 08:05:07,396 | WARNING |     RDP/E-2: AUROC < 0.5, flagged score_orientation=flipped, NOT negated
2026-09-07 08:06:06,257 | WARNING |     ICL/E-2: AUROC < 0.5, flagged score_orientation=flipped, NOT negated
2026-09-07 08:06:20,764 | WARNING |     GOAD/E-3: AUROC < 0.5, flagged score_orientation=flipped, NOT negated
2026-09-07 08:06:40,170 | WARNING |     NeuTraL/E-3: AUROC < 0.5, flagged score_orientation=flipped, NOT negated
2026-09-07 08:07:00,235 | WARNING |     SLAD/E-3: AUROC < 0.5, flagged score_orientation=flipped, NOT negated
2026-09-07 08:07:08,140 | WARNING |     RDP/E-3: AUROC < 0.5, flagged score_orientation=flipped, NOT negated
2026-09-07 08:07:57,571 | WARNING |     ICL/E-3: AUROC < 0.5, flagged score_orientation=flipped, NOT negated
2026-09-07 08:08:21,248 | WARNING |     GOAD/E-4: AUROC < 0.5, flagged score_orientation=flipped, NOT negated
2026-09-07 08:08:45,338 | WARNING |     NeuTraL/E-4: AUROC < 0.5, flagged score_orientation=flipped, NOT negated
2026-09-07 08:09:05,730 | WARNING |     SLAD/E-4: AUROC < 0.5, flagged score_orientation=flipped, NOT negated
2026-09-07 08:09:13,676 | WARNING |     RDP/E-4: AUROC < 0.5, flagged score_orientation=flipped, NOT negated
2026-09-07 08:09:51,943 | WARNING |     ICL/E-4: AUROC < 0.5, flagged score_orientation=flipped, NOT negated
2026-09-07 08:10:06,124 | WARNING |     GOAD/E-5: AUROC < 0.5, flagged score_orientation=flipped, NOT negated
2026-09-07 08:10:38,599 | WARNING |     NeuTraL/E-5: AUROC < 0.5, flagged score_orientation=flipped, NOT negated
2026-09-07 08:11:27,968 | WARNING |     SLAD/E-5: AUROC < 0.5, flagged score_orientation=flipped, NOT negated
2026-09-07 08:11:40,271 | WARNING |     RDP/E-5: AUROC < 0.5, flagged score_orientation=flipped, NOT negated
2026-09-07 08:12:34,979 | WARNING |     ICL/E-5: AUROC < 0.5, flagged score_orientation=flipped, NOT negated
2026-09-07 08:16:52,665 | WARNING |     GOAD/E-8: AUROC < 0.5, flagged score_orientation=flipped, NOT negated
2026-09-07 08:18:18,846 | WARNING |     SLAD/E-8: AUROC < 0.5, flagged score_orientation=flipped, NOT negated
2026-09-07 08:19:16,652 | WARNING |     ICL/E-8: AUROC < 0.5, flagged score_orientation=flipped, NOT negated
2026-09-07 08:19:30,155 | WARNING |     GOAD/E-9: AUROC < 0.5, flagged score_orientation=flipped, NOT negated
2026-09-07 08:19:46,235 | WARNING |     NeuTraL/E-9: AUROC < 0.5, flagged score_orientation=flipped, NOT negated
2026-09-07 08:20:06,312 | WARNING |     SLAD/E-9: AUROC < 0.5, flagged score_orientation=flipped, NOT negated
2026-09-07 08:20:22,398 | WARNING |     RDP/E-9: AUROC < 0.5, flagged score_orientation=flipped, NOT negated
2026-09-07 08:21:10,683 | WARNING |     ICL/E-9: AUROC < 0.5, flagged score_orientation=flipped, NOT negated
2026-09-07 08:21:33,687 | WARNING |     GOAD/F-1: AUROC < 0.5, flagged score_orientation=flipped, NOT negated
2026-09-07 08:22:01,898 | WARNING |     NeuTraL/F-1: AUROC < 0.5, flagged score_orientation=flipped, NOT negated
2026-09-07 08:22:22,451 | WARNING |     SLAD/F-1: AUROC < 0.5, flagged score_orientation=flipped, NOT negated
2026-09-07 08:22:30,348 | WARNING |     RDP/F-1: AUROC < 0.5, flagged score_orientation=flipped, NOT negated
2026-09-07 08:23:18,066 | WARNING |     ICL/F-1: AUROC < 0.5, flagged score_orientation=flipped, NOT negated
2026-09-07 08:23:33,676 | WARNING |     GOAD/F-2: AUROC < 0.5, flagged score_orientation=flipped, NOT negated
2026-09-07 08:23:58,374 | WARNING |     NeuTraL/F-2: AUROC < 0.5, flagged score_orientation=flipped, NOT negated
2026-09-07 08:24:53,425 | WARNING |     SLAD/F-2: AUROC < 0.5, flagged score_orientation=flipped, NOT negated
2026-09-07 08:25:57,270 | WARNING |     ICL/F-2: AUROC < 0.5, flagged score_orientation=flipped, NOT negated
2026-09-07 08:28:16,144 | WARNING |     GOAD/G-1: AUROC < 0.5, flagged score_orientation=flipped, NOT negated
2026-09-07 08:28:49,747 | WARNING |     NeuTraL/G-1: AUROC < 0.5, flagged score_orientation=flipped, NOT negated
2026-09-07 08:29:18,446 | WARNING |     RDP/G-1: AUROC < 0.5, flagged score_orientation=flipped, NOT negated
2026-09-07 08:30:23,258 | WARNING |     GOAD/G-2: AUROC < 0.5, flagged score_orientation=flipped, NOT negated
2026-09-07 08:38:42,047 | WARNING |     ICL/G-6: AUROC < 0.5, flagged score_orientation=flipped, NOT negated
  G-7: insufficient features, skip
2026-09-07 08:38:56,158 | WARNING |     GOAD/P-1: AUROC < 0.5, flagged score_orientation=flipped, NOT negated
2026-09-07 08:39:49,684 | WARNING |     SLAD/P-1: AUROC < 0.5, flagged score_orientation=flipped, NOT negated
2026-09-07 08:40:00,617 | WARNING |     RDP/P-1: AUROC < 0.5, flagged score_orientation=flipped, NOT negated
2026-09-07 08:41:16,809 | WARNING |     ICL/P-1: AUROC < 0.5, flagged score_orientation=flipped, NOT negated
2026-09-07 08:45:45,731 | WARNING |     GOAD/P-3: AUROC < 0.5, flagged score_orientation=flipped, NOT negated
2026-09-07 08:46:09,957 | WARNING |     NeuTraL/P-3: AUROC < 0.5, flagged score_orientation=flipped, NOT negated
2026-09-07 08:47:15,202 | WARNING |     RDP/P-3: AUROC < 0.5, flagged score_orientation=flipped, NOT negated
2026-09-07 08:52:58,562 | WARNING |     ICL/P-4: AUROC < 0.5, flagged score_orientation=flipped, NOT negated
2026-09-07 08:57:35,730 | WARNING |     ICL/P-7: AUROC < 0.5, flagged score_orientation=flipped, NOT negated
/home/redline/.conda/envs/siduri/lib/python3.10/site-packages/numpy/lib/_function_base_impl.py:3045: RuntimeWarning: invalid value encountered in divide
  c /= stddev[:, None]
/home/redline/.conda/envs/siduri/lib/python3.10/site-packages/numpy/lib/_function_base_impl.py:3046: RuntimeWarning: invalid value encountered in divide
  c /= stddev[None, :]
2026-09-07 09:01:34,515 | WARNING |     GOAD/S-1: AUROC < 0.5, flagged score_orientation=flipped, NOT negated
2026-09-07 09:02:01,717 | WARNING |     NeuTraL/S-1: AUROC < 0.5, flagged score_orientation=flipped, NOT negated
2026-09-07 09:02:27,710 | WARNING |     SLAD/S-1: AUROC < 0.5, flagged score_orientation=flipped, NOT negated
2026-09-07 09:02:38,437 | WARNING |     RDP/S-1: AUROC < 0.5, flagged score_orientation=flipped, NOT negated
2026-09-07 09:04:02,556 | WARNING |     ICL/S-1: AUROC < 0.5, flagged score_orientation=flipped, NOT negated
2026-09-07 09:04:19,871 | WARNING |     GOAD/T-1: AUROC < 0.5, flagged score_orientation=flipped, NOT negated
2026-09-07 09:04:44,084 | WARNING |     NeuTraL/T-1: AUROC < 0.5, flagged score_orientation=flipped, NOT negated
2026-09-07 09:05:12,245 | WARNING |     SLAD/T-1: AUROC < 0.5, flagged score_orientation=flipped, NOT negated
2026-09-07 09:05:28,033 | WARNING |     RDP/T-1: AUROC < 0.5, flagged score_orientation=flipped, NOT negated
2026-09-07 09:09:02,817 | WARNING |     GOAD/T-2: AUROC < 0.5, flagged score_orientation=flipped, NOT negated
2026-09-07 09:09:55,284 | WARNING |     SLAD/T-2: AUROC < 0.5, flagged score_orientation=flipped, NOT negated
2026-09-07 09:10:05,834 | WARNING |     RDP/T-2: AUROC < 0.5, flagged score_orientation=flipped, NOT negated
2026-09-07 09:11:47,544 | WARNING |     ICL/T-2: AUROC < 0.5, flagged score_orientation=flipped, NOT negated
Done: smap

=== msl: 27 real units (post-fix) ===
2026-09-07 09:21:53,626 | WARNING |     RDP/D-14: AUROC < 0.5, flagged score_orientation=flipped, NOT negated
2026-09-07 09:24:19,410 | WARNING |     SLAD/D-15: AUROC < 0.5, flagged score_orientation=flipped, NOT negated
2026-09-07 09:25:49,143 | WARNING |     ICL/D-15: AUROC < 0.5, flagged score_orientation=flipped, NOT negated
2026-09-07 09:26:00,995 | WARNING |     GOAD/D-16: AUROC < 0.5, flagged score_orientation=flipped, NOT negated
2026-09-07 09:26:16,571 | WARNING |     NeuTraL/D-16: AUROC < 0.5, flagged score_orientation=flipped, NOT negated
2026-09-07 09:26:52,026 | WARNING |     SLAD/D-16: AUROC < 0.5, flagged score_orientation=flipped, NOT negated
2026-09-07 09:26:58,783 | WARNING |     RDP/D-16: AUROC < 0.5, flagged score_orientation=flipped, NOT negated
2026-09-07 09:27:47,307 | WARNING |     ICL/D-16: AUROC < 0.5, flagged score_orientation=flipped, NOT negated
2026-09-07 09:33:31,444 | WARNING |     ICL/F-5: AUROC < 0.5, flagged score_orientation=flipped, NOT negated
2026-09-07 09:33:44,157 | WARNING |     GOAD/F-7: AUROC < 0.5, flagged score_orientation=flipped, NOT negated
2026-09-07 09:34:48,880 | WARNING |     RDP/F-7: AUROC < 0.5, flagged score_orientation=flipped, NOT negated
2026-09-07 09:37:21,769 | WARNING |     NeuTraL/F-8: AUROC < 0.5, flagged score_orientation=flipped, NOT negated
2026-09-07 09:38:21,851 | WARNING |     SLAD/F-8: AUROC < 0.5, flagged score_orientation=flipped, NOT negated
2026-09-07 09:40:50,763 | WARNING |     ICL/F-8: AUROC < 0.5, flagged score_orientation=flipped, NOT negated
2026-09-07 09:41:09,971 | WARNING |     GOAD/M-1: AUROC < 0.5, flagged score_orientation=flipped, NOT negated
2026-09-07 09:42:33,095 | WARNING |     RDP/M-1: AUROC < 0.5, flagged score_orientation=flipped, NOT negated
2026-09-07 09:50:12,592 | WARNING |     ICL/M-3: AUROC < 0.5, flagged score_orientation=flipped, NOT negated
2026-09-07 09:50:58,579 | WARNING |     SLAD/M-4: AUROC < 0.5, flagged score_orientation=flipped, NOT negated
2026-09-07 09:52:53,684 | WARNING |     SLAD/M-5: AUROC < 0.5, flagged score_orientation=flipped, NOT negated
2026-09-07 10:11:52,618 | WARNING |     NeuTraL/P-15: AUROC < 0.5, flagged score_orientation=flipped, NOT negated
2026-09-07 10:14:56,890 | WARNING |     ICL/P-15: AUROC < 0.5, flagged score_orientation=flipped, NOT negated
2026-09-07 10:15:01,153 | WARNING |     GOAD/S-2: AUROC < 0.5, flagged score_orientation=flipped, NOT negated
2026-09-07 10:15:43,164 | WARNING |     RDP/S-2: AUROC < 0.5, flagged score_orientation=flipped, NOT negated
2026-09-07 10:17:43,830 | WARNING |     ICL/T-12: AUROC < 0.5, flagged score_orientation=flipped, NOT negated
2026-09-07 10:19:00,384 | WARNING |     ICL/T-13: AUROC < 0.5, flagged score_orientation=flipped, NOT negated
2026-09-07 10:24:03,711 | WARNING |     RDP/T-5: AUROC < 0.5, flagged score_orientation=flipped, NOT negated
Done: msl

